
> branch-portal@1.0.0 build
> vite build

[36mvite v5.4.21 [32mbuilding for production...[36m[39m
transforming...
[32mΓ£ô[39m 20 modules transformed.
node.exe : [31mx[39m 
Build failed in 2.13s
At C:\Program 
Files\nodejs\npm.ps1:29 
char:3
+   & $NODE_EXE 
$NPM_CLI_JS $args
+   ~~~~~~~~~~~~~~~~~~~~~~~
~~~~~~
    + CategoryInfo         
     : NotSpecified: ([3  
  1mx[39m Build failed    
 in 2.13s:String) [], R    
emoteException
    + FullyQualifiedErrorI 
   d : NativeCommandError
 
[31merror during build:
[31m[vite]: Rollup failed 
to resolve import 
"react-hot-toast" from 
"D:/projects/New folder/bra
nch/src/pages/BookingHistor
y.jsx".
This is most likely 
unintended because it can 
break your application at 
runtime.
If you do want to 
externalize this module 
explicitly add it to
`build.rollupOptions.extern
al`[31m
    at viteWarn (file:///D:
/projects/New%20folder/bran
ch/node_modules/vite/dist/n
ode/chunks/dep-BK3b2jBa.js:
65855:17)
    at onwarn (file:///D:/p
rojects/New%20folder/branch
/node_modules/@vitejs/plugi
n-react/dist/index.js:90:7)
    at onRollupWarning (fil
e:///D:/projects/New%20fold
er/branch/node_modules/vite
/dist/node/chunks/dep-BK3b2
jBa.js:65885:5)
    at onwarn (file:///D:/p
rojects/New%20folder/branch
/node_modules/vite/dist/nod
e/chunks/dep-BK3b2jBa.js:65
550:7)
    at file:///D:/projects/
New%20folder/branch/node_mo
dules/rollup/dist/es/shared
/node-entry.js:20972:13
    at Object.logger [as 
onLog] (file:///D:/projects
/New%20folder/branch/node_m
odules/rollup/dist/es/share
d/node-entry.js:22945:9)
    at ModuleLoader.handleI
nvalidResolvedId (file:///D
:/projects/New%20folder/bra
nch/node_modules/rollup/dis
t/es/shared/node-entry.js:2
1689:26)
    at file:///D:/projects/
New%20folder/branch/node_mo
dules/rollup/dist/es/shared
/node-entry.js:21647:26[39
m
